max_provinces = 1400	
definitions = "definition.csv"
provinces = "provinces.bmp"
positions = "positions.txt"
terrain = "terrain.bmp"
rivers = "rivers.bmp"
terrain_definition = "terrain.txt"
heightmap = "topology.bmp"
tree_definition = "trees.bmp"
continent = "continent.txt"
adjacencies = "adjacencies.csv"
climate = "climate.txt"
region = "island_region.txt"
geographical_region = "geographical_region.txt"
static = "statics"
seasons = "seasons.txt"

# Atlantic #1
	sea_zones = {995 997}

#Pacific #2	 
	sea_zones = {998 999 }

#Lakes & Artic #3
	sea_zones = { 993 994 }
	
#Strait of Magallanes & Patagonian Seas #4
	sea_zones = { 899 941 }
	
#South American Lakes #5	
	sea_zones = { 940 992 }
	
#Parana and Tributaries #6
	sea_zones =  { 861 882 }

#Rio de la Plata & Uruguay River #7
	sea_zones = { 883 898 }
	
#Coast of Brazil (Sud-Nordeste) #8
	sea_zones = { 1288 1323 }
	
ocean_region = {	
	sea_zones = { 1 2 4 6 7 8 } # Atlantic -Pacific Ocean
}
ocean_region = { 
	sea_zones = { 3 } #Artic Ocean
}

# Define which indices in trees.bmp palette which should count as trees for automatic terrain assignment
tree = { 3 4 7 10 }

#major_rivers = {}

#externals = { 637 638 2131 2132 2133 }

##edit needed for merging purposes